// Jest Snapshot v1, https://goo.gl/fbAQLP

exports[`Component Test - AuthenticationModal matches snapshot 1`] = `<DocumentFragment />`;
